{
  "version": "1.5.0",
  "plugins_used": [
    {
      "name": "ArtifactoryDetector"
    },
    {
      "name": "AWSKeyDetector"
    },
    {
      "name": "AzureStorageKeyDetector"
    },
    {
      "name": "Base64HighEntropyString",
      "limit": 4.5
    },
    {
      "name": "BasicAuthDetector"
    },
    {
      "name": "CloudantDetector"
    },
    {
      "name": "DiscordBotTokenDetector"
    },
    {
      "name": "GitHubTokenDetector"
    },
    {
      "name": "GitLabTokenDetector"
    },
    {
      "name": "HexHighEntropyString",
      "limit": 3.0
    },
    {
      "name": "IbmCloudIamDetector"
    },
    {
      "name": "IbmCosHmacDetector"
    },
    {
      "name": "IPPublicDetector"
    },
    {
      "name": "JwtTokenDetector"
    },
    {
      "name": "KeywordDetector",
      "keyword_exclude": ""
    },
    {
      "name": "MailchimpDetector"
    },
    {
      "name": "NpmDetector"
    },
    {
      "name": "OpenAIDetector"
    },
    {
      "name": "PrivateKeyDetector"
    },
    {
      "name": "PypiTokenDetector"
    },
    {
      "name": "SendGridDetector"
    },
    {
      "name": "SlackDetector"
    },
    {
      "name": "SoftlayerDetector"
    },
    {
      "name": "SquareOAuthDetector"
    },
    {
      "name": "StripeDetector"
    },
    {
      "name": "TelegramBotTokenDetector"
    },
    {
      "name": "TwilioKeyDetector"
    }
  ],
  "filters_used": [
    {
      "path": "detect_secrets.filters.allowlist.is_line_allowlisted"
    },
    {
      "path": "detect_secrets.filters.common.is_ignored_due_to_verification_policies",
      "min_level": 2
    },
    {
      "path": "detect_secrets.filters.heuristic.is_indirect_reference"
    },
    {
      "path": "detect_secrets.filters.heuristic.is_likely_id_string"
    },
    {
      "path": "detect_secrets.filters.heuristic.is_lock_file"
    },
    {
      "path": "detect_secrets.filters.heuristic.is_not_alphanumeric_string"
    },
    {
      "path": "detect_secrets.filters.heuristic.is_potential_uuid"
    },
    {
      "path": "detect_secrets.filters.heuristic.is_prefixed_with_dollar_sign"
    },
    {
      "path": "detect_secrets.filters.heuristic.is_sequential_string"
    },
    {
      "path": "detect_secrets.filters.heuristic.is_swagger_file"
    },
    {
      "path": "detect_secrets.filters.heuristic.is_templated_secret"
    }
  ],
  "results": {
    ".env.example": [
      {
        "type": "Basic Auth Credentials",
        "filename": ".env.example",
        "hashed_secret": "5baa61e4c9b93f3f0682250b6cf8331b7ee68fd8",
        "is_verified": false,
        "line_number": 253
      }
    ],
    "SECURITY.md": [
      {
        "type": "Basic Auth Credentials",
        "filename": "SECURITY.md",
        "hashed_secret": "9d4e1e23bd5b727046a9e3b4b7db57bd8d6ee684",
        "is_verified": false,
        "line_number": 235
      }
    ],
    "SETUP_GUIDE.md": [
      {
        "type": "Basic Auth Credentials",
        "filename": "SETUP_GUIDE.md",
        "hashed_secret": "ea72f7010dd797a00526144c395e8d506a0d843a",
        "is_verified": false,
        "line_number": 170
      }
    ],
    "config/table_descriptions.yaml": [
      {
        "type": "Secret Keyword",
        "filename": "config/table_descriptions.yaml",
        "hashed_secret": "f6a77674272d6c12e3ee9d44709bfef0f59813a2",
        "is_verified": false,
        "line_number": 192
      }
    ],
    "docs/OBSERVABILITY.md": [
      {
        "type": "Basic Auth Credentials",
        "filename": "docs/OBSERVABILITY.md",
        "hashed_secret": "9d4e1e23bd5b727046a9e3b4b7db57bd8d6ee684",
        "is_verified": false,
        "line_number": 131
      }
    ],
    "frontend/src/i18n/locales/en/translation.json": [
      {
        "type": "Secret Keyword",
        "filename": "frontend/src/i18n/locales/en/translation.json",
        "hashed_secret": "8be3c943b1609fffbfc51aad666d0a04adf83c9d",
        "is_verified": false,
        "line_number": 15
      },
      {
        "type": "Secret Keyword",
        "filename": "frontend/src/i18n/locales/en/translation.json",
        "hashed_secret": "4a7c565d4c4430e3bb8fa6c560125d5eb37e7c3d",
        "is_verified": false,
        "line_number": 19
      },
      {
        "type": "Secret Keyword",
        "filename": "frontend/src/i18n/locales/en/translation.json",
        "hashed_secret": "3b738b439cc3e0b8f6372bbbfd8353cdd7eb732d",
        "is_verified": false,
        "line_number": 20
      },
      {
        "type": "Secret Keyword",
        "filename": "frontend/src/i18n/locales/en/translation.json",
        "hashed_secret": "f7c3cd475924dc45e184f50dd91e9e4da76c740b",
        "is_verified": false,
        "line_number": 32
      },
      {
        "type": "Secret Keyword",
        "filename": "frontend/src/i18n/locales/en/translation.json",
        "hashed_secret": "044b852f30b636aa923b18a61a35c79abc87556f",
        "is_verified": false,
        "line_number": 34
      },
      {
        "type": "Secret Keyword",
        "filename": "frontend/src/i18n/locales/en/translation.json",
        "hashed_secret": "e40123b4e7879a56fc22171a9ae637d418288daa",
        "is_verified": false,
        "line_number": 35
      }
    ],
    "frontend/src/i18n/locales/es/translation.json": [
      {
        "type": "Secret Keyword",
        "filename": "frontend/src/i18n/locales/es/translation.json",
        "hashed_secret": "9c1c1ca2749374be76dcc1c18bb79fe3b0250f09",
        "is_verified": false,
        "line_number": 15
      },
      {
        "type": "Secret Keyword",
        "filename": "frontend/src/i18n/locales/es/translation.json",
        "hashed_secret": "1a0e4b3d1e5780c7f441c3f5fa1cff6bc8f2a0ee",
        "is_verified": false,
        "line_number": 19
      },
      {
        "type": "Secret Keyword",
        "filename": "frontend/src/i18n/locales/es/translation.json",
        "hashed_secret": "9b23ba4e36debe518329486176955fc8823fda2a",
        "is_verified": false,
        "line_number": 20
      },
      {
        "type": "Secret Keyword",
        "filename": "frontend/src/i18n/locales/es/translation.json",
        "hashed_secret": "e3f3a307e07a7f401e9c90f3102f09c6e372444b",
        "is_verified": false,
        "line_number": 32
      },
      {
        "type": "Secret Keyword",
        "filename": "frontend/src/i18n/locales/es/translation.json",
        "hashed_secret": "4a8effa6da835c330eb8f1e1a1ef21d4771fd992",
        "is_verified": false,
        "line_number": 34
      },
      {
        "type": "Secret Keyword",
        "filename": "frontend/src/i18n/locales/es/translation.json",
        "hashed_secret": "10951959783809cda82808a75db02c912f5184dc",
        "is_verified": false,
        "line_number": 35
      }
    ],
    "frontend/src/i18n/locales/fr/translation.json": [
      {
        "type": "Secret Keyword",
        "filename": "frontend/src/i18n/locales/fr/translation.json",
        "hashed_secret": "94e2f3ee14b92e2e675a8f6118d28738dbf5c6ba",
        "is_verified": false,
        "line_number": 15
      },
      {
        "type": "Secret Keyword",
        "filename": "frontend/src/i18n/locales/fr/translation.json",
        "hashed_secret": "88362d0d044cf4144e78f646e101110e3f44a9e5",
        "is_verified": false,
        "line_number": 19
      },
      {
        "type": "Secret Keyword",
        "filename": "frontend/src/i18n/locales/fr/translation.json",
        "hashed_secret": "e83e861e482c9a59760c0d47ad5eb51b276dc183",
        "is_verified": false,
        "line_number": 20
      },
      {
        "type": "Secret Keyword",
        "filename": "frontend/src/i18n/locales/fr/translation.json",
        "hashed_secret": "bf6e97ae0ecec4e50903b43594948b80b34b80f4",
        "is_verified": false,
        "line_number": 32
      },
      {
        "type": "Secret Keyword",
        "filename": "frontend/src/i18n/locales/fr/translation.json",
        "hashed_secret": "64153b3b2beefe87ab8c005b00b731785d31b4ea",
        "is_verified": false,
        "line_number": 34
      },
      {
        "type": "Secret Keyword",
        "filename": "frontend/src/i18n/locales/fr/translation.json",
        "hashed_secret": "6ef3c010ee446fee1446618f12c9a38262ac8e42",
        "is_verified": false,
        "line_number": 35
      }
    ],
    "identity/migrations/versions/a1f3c9d84e21_chat_history_search_and_ordering.py": [
      {
        "type": "Hex High Entropy String",
        "filename": "identity/migrations/versions/a1f3c9d84e21_chat_history_search_and_ordering.py",
        "hashed_secret": "78cbdccb3ba4b8ab93a153fc2aa64b28e3028e4e",
        "is_verified": false,
        "line_number": 43
      }
    ],
    "identity/password_policy.py": [
      {
        "type": "Hex High Entropy String",
        "filename": "identity/password_policy.py",
        "hashed_secret": "33c76f70af66754ca47d19b17da8dc232e125253",
        "is_verified": false,
        "line_number": 58
      },
      {
        "type": "Hex High Entropy String",
        "filename": "identity/password_policy.py",
        "hashed_secret": "299129b6ca094e4621e97d763f754a69fd436789",
        "is_verified": false,
        "line_number": 88
      }
    ],
    "security/redaction.py": [
      {
        "type": "Basic Auth Credentials",
        "filename": "security/redaction.py",
        "hashed_secret": "5baa61e4c9b93f3f0682250b6cf8331b7ee68fd8",
        "is_verified": false,
        "line_number": 20
      },
      {
        "type": "Secret Keyword",
        "filename": "security/redaction.py",
        "hashed_secret": "ccf8d1ba3084da694fe10701bb90d0a5b0b64cfc",
        "is_verified": false,
        "line_number": 47
      }
    ],
    "tests/test_api_chat_history.py": [
      {
        "type": "Secret Keyword",
        "filename": "tests/test_api_chat_history.py",
        "hashed_secret": "3a3e21faf31ddb299a8d95a8bfc63f2e14a64652",
        "is_verified": false,
        "line_number": 81
      }
    ],
    "tests/test_api_execute.py": [
      {
        "type": "Secret Keyword",
        "filename": "tests/test_api_execute.py",
        "hashed_secret": "f3bbbd66a63d4bf1747940578ec3d0103530e21d",
        "is_verified": false,
        "line_number": 142
      }
    ],
    "tests/test_api_identity_auth.py": [
      {
        "type": "Secret Keyword",
        "filename": "tests/test_api_identity_auth.py",
        "hashed_secret": "8ff0ee51fd4707c7e6d5a618a170d2dc6b6d96fb",
        "is_verified": false,
        "line_number": 99
      },
      {
        "type": "Secret Keyword",
        "filename": "tests/test_api_identity_auth.py",
        "hashed_secret": "4b40b5a402633854dacd523097d2016cf83a0b00",
        "is_verified": false,
        "line_number": 106
      },
      {
        "type": "Secret Keyword",
        "filename": "tests/test_api_identity_auth.py",
        "hashed_secret": "a0f4ea7d91495df92bbac2e2149dfb850fe81396",
        "is_verified": false,
        "line_number": 112
      },
      {
        "type": "Secret Keyword",
        "filename": "tests/test_api_identity_auth.py",
        "hashed_secret": "6809ffccad03b80fa1fbc32c17e7e054805ec30b",
        "is_verified": false,
        "line_number": 195
      },
      {
        "type": "Secret Keyword",
        "filename": "tests/test_api_identity_auth.py",
        "hashed_secret": "a4b48a81cdab1e1a5dd37907d6c85ca1c61ddc7c",
        "is_verified": false,
        "line_number": 219
      },
      {
        "type": "Secret Keyword",
        "filename": "tests/test_api_identity_auth.py",
        "hashed_secret": "fe35b500b96b76dffafc8116cd4b99cccaa0359f",
        "is_verified": false,
        "line_number": 266
      },
      {
        "type": "Secret Keyword",
        "filename": "tests/test_api_identity_auth.py",
        "hashed_secret": "ef4490467a110794acd92a769c0cffd62cf4cb9c",
        "is_verified": false,
        "line_number": 393
      }
    ],
    "tests/test_connection.py": [
      {
        "type": "Secret Keyword",
        "filename": "tests/test_connection.py",
        "hashed_secret": "e5e9fa1ba31ecd1ae84f75caaa474f3a663f05f4",
        "is_verified": false,
        "line_number": 97
      }
    ],
    "tests/test_identity_bootstrap.py": [
      {
        "type": "Secret Keyword",
        "filename": "tests/test_identity_bootstrap.py",
        "hashed_secret": "198a81222069eae82817f4173494298a295eb945",
        "is_verified": false,
        "line_number": 86
      },
      {
        "type": "Secret Keyword",
        "filename": "tests/test_identity_bootstrap.py",
        "hashed_secret": "c8f6e47ad6201bdd3e547a4963fd3ca1cc0c22fc",
        "is_verified": false,
        "line_number": 112
      }
    ],
    "tests/test_identity_repository_tokens.py": [
      {
        "type": "Secret Keyword",
        "filename": "tests/test_identity_repository_tokens.py",
        "hashed_secret": "fc8c5eb194806e31a213f073131e73b0012a0fb5",
        "is_verified": false,
        "line_number": 34
      }
    ],
    "tests/test_identity_repository_users.py": [
      {
        "type": "Secret Keyword",
        "filename": "tests/test_identity_repository_users.py",
        "hashed_secret": "fc8c5eb194806e31a213f073131e73b0012a0fb5",
        "is_verified": false,
        "line_number": 61
      },
      {
        "type": "Secret Keyword",
        "filename": "tests/test_identity_repository_users.py",
        "hashed_secret": "4b40b5a402633854dacd523097d2016cf83a0b00",
        "is_verified": false,
        "line_number": 75
      }
    ],
    "tests/test_media_gen.py": [
      {
        "type": "Secret Keyword",
        "filename": "tests/test_media_gen.py",
        "hashed_secret": "f89bc519120aa6f1fd90357a3c969032dd647631",
        "is_verified": false,
        "line_number": 51
      },
      {
        "type": "Secret Keyword",
        "filename": "tests/test_media_gen.py",
        "hashed_secret": "2ed07e672b33c049d40f65d1f41b2461ce9d9eb7",
        "is_verified": false,
        "line_number": 146
      }
    ],
    "tests/test_moderation_gate.py": [
      {
        "type": "Secret Keyword",
        "filename": "tests/test_moderation_gate.py",
        "hashed_secret": "65bf2116b59b512bb8df31dc12891c9c07567d05",
        "is_verified": false,
        "line_number": 134
      }
    ]
  },
  "generated_at": "2026-09-18T11:08:53Z"
}
